[INFO] Scanning for projects...
[INFO] 
[INFO] ---------------------< com.ticketflow:ticketflow >----------------------
[INFO] Building TicketFlow 1.0-SNAPSHOT
[INFO]   from pom.xml
[INFO] --------------------------------[ jar ]---------------------------------
[WARNING] 6 problems were encountered while building the effective model for org.openjfx:javafx-controls:jar:17.0.6 during dependency collection step for project (use -X to see details)
[INFO] 
[INFO] --- clean:3.2.0:clean (default-clean) @ ticketflow ---
[INFO] Deleting C:\Users\USUARIO\.gemini\antigravity\scratch\ticketflow\target
[INFO] 
[INFO] --- resources:3.3.1:resources (default-resources) @ ticketflow ---
[INFO] Copying 22 resources from src\main\resources to target\classes
[INFO] 
[INFO] --- compiler:3.11.0:compile (default-compile) @ ticketflow ---
[INFO] Changes detected - recompiling the module! :source
[INFO] Compiling 114 source files with javac [debug target 17] to target\classes
[INFO] -------------------------------------------------------------
[ERROR] COMPILATION ERROR : 
[INFO] -------------------------------------------------------------
[ERROR] /C:/Users/USUARIO/.gemini/antigravity/scratch/ticketflow/src/main/java/com/ticketflow/controller/LoginController.java:[1,1] illegal character: '\ufeff'
[ERROR] /C:/Users/USUARIO/.gemini/antigravity/scratch/ticketflow/src/main/java/com/ticketflow/controller/LoginController.java:[1,10] class, interface, enum, or record expected
[ERROR] /C:/Users/USUARIO/.gemini/antigravity/scratch/ticketflow/src/main/java/com/ticketflow/service/PagoRechazadoException.java:[1,1] illegal character: '\ufeff'
[ERROR] /C:/Users/USUARIO/.gemini/antigravity/scratch/ticketflow/src/main/java/com/ticketflow/service/PagoRechazadoException.java:[1,10] class, interface, enum, or record expected
[ERROR] /C:/Users/USUARIO/.gemini/antigravity/scratch/ticketflow/src/main/java/com/ticketflow/service/AsientoYaReservadoException.java:[1,1] illegal character: '\ufeff'
[ERROR] /C:/Users/USUARIO/.gemini/antigravity/scratch/ticketflow/src/main/java/com/ticketflow/service/AsientoYaReservadoException.java:[1,10] class, interface, enum, or record expected
[ERROR] /C:/Users/USUARIO/.gemini/antigravity/scratch/ticketflow/src/main/java/com/ticketflow/service/EventoNoDisponibleException.java:[1,1] illegal character: '\ufeff'
[ERROR] /C:/Users/USUARIO/.gemini/antigravity/scratch/ticketflow/src/main/java/com/ticketflow/service/EventoNoDisponibleException.java:[1,10] class, interface, enum, or record expected
[ERROR] /C:/Users/USUARIO/.gemini/antigravity/scratch/ticketflow/src/main/java/com/ticketflow/service/CompraNoModificableException.java:[1,1] illegal character: '\ufeff'
[ERROR] /C:/Users/USUARIO/.gemini/antigravity/scratch/ticketflow/src/main/java/com/ticketflow/service/CompraNoModificableException.java:[1,10] class, interface, enum, or record expected
[INFO] 10 errors 
[INFO] -------------------------------------------------------------
[INFO] ------------------------------------------------------------------------
[INFO] BUILD FAILURE
[INFO] ------------------------------------------------------------------------
[INFO] Total time:  3.703 s
[INFO] Finished at: 2026-03-06T11:16:13-05:00
[INFO] ------------------------------------------------------------------------
[ERROR] Failed to execute goal org.apache.maven.plugins:maven-compiler-plugin:3.11.0:compile (default-compile) on project ticketflow: Compilation failure: Compilation failure: 
[ERROR] /C:/Users/USUARIO/.gemini/antigravity/scratch/ticketflow/src/main/java/com/ticketflow/controller/LoginController.java:[1,1] illegal character: '\ufeff'
[ERROR] /C:/Users/USUARIO/.gemini/antigravity/scratch/ticketflow/src/main/java/com/ticketflow/controller/LoginController.java:[1,10] class, interface, enum, or record expected
[ERROR] /C:/Users/USUARIO/.gemini/antigravity/scratch/ticketflow/src/main/java/com/ticketflow/service/PagoRechazadoException.java:[1,1] illegal character: '\ufeff'
[ERROR] /C:/Users/USUARIO/.gemini/antigravity/scratch/ticketflow/src/main/java/com/ticketflow/service/PagoRechazadoException.java:[1,10] class, interface, enum, or record expected
[ERROR] /C:/Users/USUARIO/.gemini/antigravity/scratch/ticketflow/src/main/java/com/ticketflow/service/AsientoYaReservadoException.java:[1,1] illegal character: '\ufeff'
[ERROR] /C:/Users/USUARIO/.gemini/antigravity/scratch/ticketflow/src/main/java/com/ticketflow/service/AsientoYaReservadoException.java:[1,10] class, interface, enum, or record expected
[ERROR] /C:/Users/USUARIO/.gemini/antigravity/scratch/ticketflow/src/main/java/com/ticketflow/service/EventoNoDisponibleException.java:[1,1] illegal character: '\ufeff'
[ERROR] /C:/Users/USUARIO/.gemini/antigravity/scratch/ticketflow/src/main/java/com/ticketflow/service/EventoNoDisponibleException.java:[1,10] class, interface, enum, or record expected
[ERROR] /C:/Users/USUARIO/.gemini/antigravity/scratch/ticketflow/src/main/java/com/ticketflow/service/CompraNoModificableException.java:[1,1] illegal character: '\ufeff'
[ERROR] /C:/Users/USUARIO/.gemini/antigravity/scratch/ticketflow/src/main/java/com/ticketflow/service/CompraNoModificableException.java:[1,10] class, interface, enum, or record expected
[ERROR] -> [Help 1]
[ERROR] 
[ERROR] To see the full stack trace of the errors, re-run Maven with the -e switch.
[ERROR] Re-run Maven using the -X switch to enable full debug logging.
[ERROR] 
[ERROR] For more information about the errors and possible solutions, please read the following articles:
[ERROR] [Help 1] http://cwiki.apache.org/confluence/display/MAVEN/MojoFailureException
